// Jest Snapshot v1, https://goo.gl/fbAQLP

exports[`Input renders correctly 1`] = `
.c0 {
  border-radius: 4px;
  border: 0 solid;
  border-bottom-width: 1px;
  font-size: 14px;
  padding: 5px 10px;
  outline: none;
  background-color: #fff;
  color: #28bcd6;
}

.c0:focus,
.c0:active {
  border-bottom-width: 3px;
}

<input
  className="c0"
  onChange={[Function]}
  type="text"
  value="test"
/>
`;
